Found 254 processed CT files
Patch size: (128, 128, 128)
Patches per case: 32
Distal patch fraction: 0.5
Boundary patch fraction: 0.3
[PATCH] 1.3.6.1.4.1.14519.5.2.1.6279.6001.147325126373007278009743173696
[PATCH] 1.3.6.1.4.1.14519.5.2.1.6279.6001.114914167428485563471327801935
[PATCH] 1.3.6.1.4.1.14519.5.2.1.6279.6001.177086402277715068525592995222
[PATCH] 1.3.6.1.4.1.14519.5.2.1.6279.6001.176638348958425792989125209419
[PATCH] 1.3.6.1.4.1.14519.5.2.1.6279.6001.112767175295249119452142211437
[PATCH] 1.3.6.1.4.1.14519.5.2.1.6279.6001.148229375703208214308676934766
[PATCH] 1.3.6.1.4.1.14519.5.2.1.6279.6001.244590453955380448651329424024
[PATCH] 1.3.6.1.4.1.14519.5.2.1.6279.6001.321935195060268166151738328001
[PATCH] 1.3.6.1.4.1.14519.5.2.1.6279.6001.275766318636944297772360944907
[PATCH] 1.3.6.1.4.1.14519.5.2.1.6279.6001.247816269490470394602288565775
[PATCH] 1.3.6.1.4.1.14519.5.2.1.6279.6001.603166427542096384265514998412
[PATCH] 1.3.6.1.4.1.14519.5.2.1.6279.6001.106379658920626694402549886949
[PATCH] 1.3.6.1.4.1.14519.5.2.1.6279.6001.163901773171373940247829492387
[PATCH] 1.3.6.1.4.1.14519.5.2.1.6279.6001.130036599816889919308975074972
[PATCH] 1.3.6.1.4.1.14519.5.2.1.6279.6001.187108608022306504546286626125
[PATCH] 1.3.6.1.4.1.14519.5.2.1.6279.6001.466284753932369813717081722101
[PATCH] 1.3.6.1.4.1.14519.5.2.1.6279.6001.293593766328917170359373773080
[PATCH] 1.3.6.1.4.1.14519.5.2.1.6279.6001.625270601160880745954773142570
[PATCH] 1.3.6.1.4.1.14519.5.2.1.6279.6001.249450003033735700817635168066
[PATCH] 1.3.6.1.4.1.14519.5.2.1.6279.6001.401389720232123950202941034290
[PATCH] 1.3.6.1.4.1.14519.5.2.1.6279.6001.404768898286087278137462774930
[PATCH] 1.3.6.1.4.1.14519.5.2.1.6279.6001.170052181746004939527661217512
[PATCH] 1.3.6.1.4.1.14519.5.2.1.6279.6001.272042302501586336192628818865
[PATCH] 1.3.6.1.4.1.14519.5.2.1.6279.6001.394470743585708729682444806008
[PATCH] 1.3.6.1.4.1.14519.5.2.1.6279.6001.301462380687644451483231621986
[PATCH] 1.3.6.1.4.1.14519.5.2.1.6279.6001.313835996725364342034830119490
[PATCH] 1.3.6.1.4.1.14519.5.2.1.6279.6001.204303454658845815034433453512
[PATCH] 1.3.6.1.4.1.14519.5.2.1.6279.6001.168985655485163461062675655739
[PATCH] 1.3.6.1.4.1.14519.5.2.1.6279.6001.258220324170977900491673635112
[PATCH] 1.3.6.1.4.1.14519.5.2.1.6279.6001.317087518531899043292346860596
[PATCH] 1.3.6.1.4.1.14519.5.2.1.6279.6001.994459772950022352718462251777
[PATCH] 1.3.6.1.4.1.14519.5.2.1.6279.6001.569096986145782511000054443951
[PATCH] 1.3.6.1.4.1.14519.5.2.1.6279.6001.125124219978170516876304987559
[PATCH] 1.3.6.1.4.1.14519.5.2.1.6279.6001.220596530836092324070084384692
[PATCH] 1.3.6.1.4.1.14519.5.2.1.6279.6001.461155505515403114280165935891
[PATCH] 1.3.6.1.4.1.14519.5.2.1.6279.6001.119806527488108718706404165837
[PATCH] 1.3.6.1.4.1.14519.5.2.1.6279.6001.172573195301625265149778785969
[PATCH] 1.3.6.1.4.1.14519.5.2.1.6279.6001.249314567767437206995861966896
[PATCH] 1.3.6.1.4.1.14519.5.2.1.6279.6001.216882370221919561230873289517
[PATCH] 1.3.6.1.4.1.14519.5.2.1.6279.6001.970428941353693253759289796610
[PATCH] 1.3.6.1.4.1.14519.5.2.1.6279.6001.797637294244261543517154417124
[PATCH] 1.3.6.1.4.1.14519.5.2.1.6279.6001.193808128386712859512130599234
[PATCH] 1.3.6.1.4.1.14519.5.2.1.6279.6001.187694838527128312070807533473
[PATCH] 1.3.6.1.4.1.14519.5.2.1.6279.6001.119209873306155771318545953948
[PATCH] 1.3.6.1.4.1.14519.5.2.1.6279.6001.922852847124879997825997808179
[PATCH] 1.3.6.1.4.1.14519.5.2.1.6279.6001.416701701108520592702405866796
[PATCH] 1.3.6.1.4.1.14519.5.2.1.6279.6001.129567032250534530765928856531
[PATCH] 1.3.6.1.4.1.14519.5.2.1.6279.6001.191266041369462391833537519639
[PATCH] 1.3.6.1.4.1.14519.5.2.1.6279.6001.618434772073433276874225174904
[PATCH] 1.3.6.1.4.1.14519.5.2.1.6279.6001.265960756233787099041040311282
[PATCH] 1.3.6.1.4.1.14519.5.2.1.6279.6001.252358625003143649770119512644
[PATCH] 1.3.6.1.4.1.14519.5.2.1.6279.6001.658611160253017715059194304729
[PATCH] 1.3.6.1.4.1.14519.5.2.1.6279.6001.172243743899615313644757844726
